{
  "status": "PASS_SCOPED_DIFF",
  "base": "e9db7a9c25eaf34ea248b34c23c67543c16294c1",
  "head": "e9db7a9c25eaf34ea248b34c23c67543c16294c1",
  "branch": "m2.3/trusted-mission-handoff",
  "scope": [
    "src/g1swarm/trusted_handoff_v0",
    "src/g1swarm/mission/trusted_handoff.py",
    "src/g1swarm/mission/.gitattributes",
    "tests/test_m23_trusted_handoff.py",
    "tests/test_m23_handoff_v0.py",
    "tests/.gitattributes",
    "reports/m23_trusted_handoff_001"
  ],
  "outside_tracked_changes": [],
  "diff_errors": "",
  "untracked_task_paths": [
    "reports/m23_trusted_handoff_001/.gitattributes",
    "reports/m23_trusted_handoff_001/CONTRACT.md",
    "reports/m23_trusted_handoff_001/PROTOCOL.md",
    "reports/m23_trusted_handoff_001/REPORT.md",
    "reports/m23_trusted_handoff_001/affected_regression.xml",
    "reports/m23_trusted_handoff_001/affected_regression_initial.log",
    "reports/m23_trusted_handoff_001/affected_regression_initial.xml",
    "reports/m23_trusted_handoff_001/bridge_boundary_002.log",
    "reports/m23_trusted_handoff_001/bridge_boundary_002.xml",
    "reports/m23_trusted_handoff_001/bridge_debug_001.log",
    "reports/m23_trusted_handoff_001/bridge_debug_001.xml",
    "reports/m23_trusted_handoff_001/bridge_final.log",
    "reports/m23_trusted_handoff_001/bridge_final.xml",
    "reports/m23_trusted_handoff_001/derivation_attempt_001.json",
    "reports/m23_trusted_handoff_001/history_before.json",
    "reports/m23_trusted_handoff_001/independent_review.json",
    "reports/m23_trusted_handoff_001/independent_review.md",
    "reports/m23_trusted_handoff_001/integrity.json",
    "reports/m23_trusted_handoff_001/offline_decisions.json",
    "reports/m23_trusted_handoff_001/ops_final.log",
    "reports/m23_trusted_handoff_001/ops_final.xml",
    "reports/m23_trusted_handoff_001/summarize.py",
    "reports/m23_trusted_handoff_001/v0_boundary.log",
    "reports/m23_trusted_handoff_001/v0_boundary.xml",
    "reports/m23_trusted_handoff_001/v0_boundary_initial.log",
    "reports/m23_trusted_handoff_001/verification.json",
    "reports/m23_trusted_handoff_001/verify_integrity.py",
    "src/g1swarm/mission/.gitattributes",
    "src/g1swarm/mission/trusted_handoff.py",
    "src/g1swarm/trusted_handoff_v0/.gitattributes",
    "src/g1swarm/trusted_handoff_v0/__init__.py",
    "src/g1swarm/trusted_handoff_v0/handoff.py",
    "src/g1swarm/trusted_handoff_v0/principal.py",
    "src/g1swarm/trusted_handoff_v0/source_manifest.json",
    "src/g1swarm/trusted_handoff_v0/support.py",
    "tests/.gitattributes",
    "tests/test_m23_handoff_v0.py",
    "tests/test_m23_trusted_handoff.py"
  ],
  "unrelated_untracked_count": 0,
  "unrelated_untracked_sample": [],
  "remote_status": "NOT_CONTACTED",
  "staged_or_committed": false,
  "ops_elapsed_seconds": 0.2546
}
