{
  "status": "PASS_MATCHED_NONPHYSICAL_REPLAY",
  "baseline": "44d7a664e9d9ecca57661e98ea15200a216e5517",
  "trials": 3,
  "immutable_reference": {
    "namespace_git_files": 197,
    "duplicate_blob_pairs": 30,
    "repeated_payload_bytes": 234901,
    "verified_reference_and_alias_bytes": 18340,
    "domain": "Git logical payload/JSON bytes; NOT actual Git disk savings"
  },
  "summary": {
    "management_before_median_seconds": 0.7416623000026448,
    "management_after_median_seconds": 0.2793660999959684,
    "unit_before_median_seconds": 1.3913532000005944,
    "unit_after_median_seconds": 0.8879833000028157
  },
  "full_task_time_savings": null,
  "token_savings": null,
  "child_cost_savings": null,
  "physics_steps": 0,
  "policy_calls": 0
}
