{
  "baseline_main_commit": "0eff13a5cb523690cde31a742cc985e9ee0eaf03",
  "candidate_file_count": 9,
  "candidate_freeze_sha256": "a2f5f9f1c2ffb46e9114bccc1fc994c94b5cda0a61a6bd4c916195ee4e74dce7",
  "dependency_count": 41,
  "dependency_receipt_sha256": "2ec32244a3ed3296e32a4983e54ce766a5ad72caa101f245d568dcd33dbda824",
  "inherited_readiness_sha256": "14219b6edc85d8346a97d5e50895d924c1157c6abffab37bd926dbfe4b138f08",
  "inherited_source_count": 241,
  "inherited_source_sha256": "4b5f3e4823e2558abac4a776753fba8e72f5c26064f4d52b9737f17f06b77372",
  "m25a_execution_source_count": 254,
  "m25a_execution_source_sha256": "ef770b1139b5c1a4ee46ea963198392662f7052228d5db7d491cedecf3d0ccb3",
  "official_asset_count": 91,
  "official_asset_receipt_sha256": "4b286abee7a035ac241d3811362215f7f17baff516f5f3c7f34257b83d4350e0",
  "physics_steps": 0,
  "policy_inferences": 0,
  "policy_runtime_imported": false,
  "simulator_imported": false,
  "status": "TARGET_PREFLIGHT_PASS_NO_PHYSICS",
  "xml_resource_count": 28
}
