{
  "status": "CURRENT",
  "errors": [],
  "branch": "m2.6a/acquisition-readiness",
  "head": "d465c2a",
  "baseline_commit": "884edde1dd19931a8cc3d33c0640a42874f2e6bf",
  "active_line": "Accepted-main M2.3b bounded real trusted serial TEST_ONLY handoff; M2.4 design pending approval, no physics",
  "selected_experiment": "trusted_handoff_qualification_001",
  "verdict": "PASS_BOUNDED_REAL_MUJOCO_TRUSTED_HANDOFF",
  "blocker": "One seen seed-0 MuJoCo state, trusted serial in-process TEST_ONLY only. No concurrent atomicity/durable production identity or replay defense/post-dispatch cancellation/general recovery/hardware safety; narrow parent halt margin; underlying executor callable. Jev and Language Runtime/D011 remain BLOCKED. M2.4 is design only, no acquisition authority.",
  "phase3a5": "PAUSED",
  "anchors_verified": 38,
  "working_tree": {
    "tracked_changes": 0,
    "untracked_entries": 8
  },
  "frozen_assets": [
    "historical experiments/phase3a/**",
    "scientific configs, controller/evaluator/Language Runtime gate",
    "third_party pretrained policy / checkpoints",
    "external D:/work/mujoco-lab (do not inspect or modify)"
  ],
  "allowed": [
    "Read-only reproduction and scoped audit of retained M2.0/M2.1/M2.2/M2.3/M2.3b source, raw evidence and Console",
    "Explicit scoped implementation corrections with appropriate affected checks; old scientific verdicts/artifacts remain immutable",
    "No additional physical/model acquisition follows this completed qualification; future campaigns require separately authorized freeze",
    "User-authorized M2.4 read-only design and independent review only; no actual cross-state physics or result adoption"
  ],
  "forbidden": [
    "Rewriting historical experiments, negative results, thresholds, labels, raw artifacts, provenance or prior decisions",
    "Production Human Principal Authority, concurrent atomic dispatch, hardware-safe halt or generalized restart claims from TEST_ONLY evidence",
    "Jev online/actuation, Language Runtime/D011, whole Source Authority branch merge, PPO/reward tuning or Multi-Swarm without explicit separate authorization",
    "New physics/model acquisition, extra case/seed/recovery search or new mission outside a separately authorized frozen protocol"
  ],
  "tests": {
    "ops": "python -m pytest tests/test_research_ops.py -q",
    "mission_runtime": "python -m pytest tests/test_mission_runtime.py tests/test_m2_physical_halt_runtime.py tests/test_m2_mission_lifecycle.py -q -k 'not test_live_session_runs_a_stop_mission and not test_live_session_runs_a_grounded_walk'",
    "console_binding": "python -m pytest console/tests/test_integrity.py console/tests/test_server.py -q",
    "console_frontend": "node --test console/web/data.test.js",
    "m23b_offline": "python -m pytest tests/test_m23b_acquisition.py -q",
    "m23b_console": "python -m pytest console/tests/test_m23b_replay.py -q"
  },
  "selection_rule": "Explicit reviewed pointers; changes fail closed, never choose latest by mtime",
  "ops_elapsed_seconds": 0.2549
}
