{
  "status": "PASS_SCOPED_DIFF",
  "base": "d5f33bc5254abdb9775bde9a169e3b360dedb810",
  "head": "d465c2ad664154a16326649c616e643156734dd7",
  "branch": "m2.6a/acquisition-readiness",
  "scope": [
    "experiments/m2/unseen_halt_hold_readiness_001"
  ],
  "outside_tracked_changes": [],
  "diff_errors": "",
  "untracked_task_paths": [
    "experiments/m2/unseen_halt_hold_readiness_001/code_review.json",
    "experiments/m2/unseen_halt_hold_readiness_001/independent_review.md",
    "experiments/m2/unseen_halt_hold_readiness_001/offline_test_receipt.json",
    "experiments/m2/unseen_halt_hold_readiness_001/readiness_manifest.json",
    "experiments/m2/unseen_halt_hold_readiness_001/readiness_report.md",
    "experiments/m2/unseen_halt_hold_readiness_001/research_ops_telemetry.json",
    "experiments/m2/unseen_halt_hold_readiness_001/source_manifest.json",
    "experiments/m2/unseen_halt_hold_readiness_001/target_preflight_receipt.json"
  ],
  "unrelated_untracked_count": 0,
  "unrelated_untracked_sample": [],
  "remote_status": "NOT_CONTACTED",
  "staged_or_committed": false,
  "ops_elapsed_seconds": 0.2466
}
