{
  "status": "CURRENT",
  "errors": [],
  "branch": "m2.4/cross-state-design",
  "head": "884edde",
  "baseline_commit": "a33bb49ccc217173f5eb19efc913595ae74bf932",
  "active_line": "Reviewed working-branch M2.3b: real same-session canonical Mission handoff with trusted serial TEST_ONLY identity/permission; PR pending, no production authority",
  "selected_experiment": "trusted_handoff_qualification_001",
  "verdict": "PASS_BOUNDED_REAL_MUJOCO_TRUSTED_HANDOFF",
  "blocker": "One seen seed-0 MuJoCo state, trusted serial TEST_ONLY simulated principal/host permission only. No concurrent atomicity, durable production authority, general recovery or hardware safety. Parent halt mean narrowly meets0.10m/s. Underlying executor remains callable. Jev and Language Runtime/D011 remain BLOCKED; PR review/main adoption pending.",
  "phase3a5": "PAUSED",
  "anchors_verified": 36,
  "working_tree": {
    "tracked_changes": 0,
    "untracked_entries": 0
  },
  "frozen_assets": [
    "historical experiments/phase3a/**",
    "scientific configs, controller/evaluator/Language Runtime gate",
    "third_party pretrained policy / checkpoints",
    "external D:/work/mujoco-lab (do not inspect or modify)"
  ],
  "allowed": [
    "Read-only reproduction and scoped audit of retained M2.0/M2.1/M2.2/M2.3/M2.3b source, raw evidence and Console",
    "Explicit scoped implementation corrections with appropriate affected checks; old scientific verdicts/artifacts remain immutable",
    "No additional physical/model acquisition follows this completed qualification; future campaigns require separately authorized freeze"
  ],
  "forbidden": [
    "Rewriting historical experiments, negative results, thresholds, labels, raw artifacts, provenance or prior decisions",
    "Production Human Principal Authority, concurrent atomic dispatch, hardware-safe halt or generalized restart claims from TEST_ONLY evidence",
    "Jev online/actuation, Language Runtime/D011, whole Source Authority branch merge, PPO/reward tuning or Multi-Swarm without explicit separate authorization",
    "New physics/model acquisition, extra case/seed/recovery search or new mission outside a separately authorized frozen protocol"
  ],
  "tests": {
    "ops": "python -m pytest tests/test_research_ops.py -q",
    "mission_runtime": "python -m pytest tests/test_mission_runtime.py tests/test_m2_physical_halt_runtime.py tests/test_m2_mission_lifecycle.py -q -k 'not test_live_session_runs_a_stop_mission and not test_live_session_runs_a_grounded_walk'",
    "console_binding": "python -m pytest console/tests/test_integrity.py console/tests/test_server.py -q",
    "console_frontend": "node --test console/web/data.test.js",
    "m23b_offline": "python -m pytest tests/test_m23b_acquisition.py -q",
    "m23b_console": "python -m pytest console/tests/test_m23b_replay.py -q"
  },
  "selection_rule": "Explicit reviewed pointers; changes fail closed, never choose latest by mtime",
  "ops_elapsed_seconds": 0.2151
}
