warning: in the working copy of 'README.md', LF will be replaced by CRLF the next time Git touches it
{
  "status": "PASS_SCOPED_DIFF",
  "base": "884edde",
  "head": "884edde1dd19931a8cc3d33c0640a42874f2e6bf",
  "branch": "m2.4/cross-state-design",
  "scope": [
    "README.md",
    "ops/state.json",
    "ops/decisions/m23b-main-publication.json",
    "experiments/m2/cross_state_reliability_design_001"
  ],
  "outside_tracked_changes": [],
  "diff_errors": "",
  "untracked_task_paths": [
    "experiments/m2/cross_state_reliability_design_001/.gitattributes",
    "experiments/m2/cross_state_reliability_design_001/design.md",
    "experiments/m2/cross_state_reliability_design_001/evidence_inventory.md",
    "experiments/m2/cross_state_reliability_design_001/independent_design_review.json",
    "experiments/m2/cross_state_reliability_design_001/independent_design_review.md",
    "experiments/m2/cross_state_reliability_design_001/independent_main_acceptance.json",
    "experiments/m2/cross_state_reliability_design_001/independent_main_acceptance.md",
    "experiments/m2/cross_state_reliability_design_001/offline_design_checks.json",
    "experiments/m2/cross_state_reliability_design_001/ops_initial_missing_assets.log",
    "experiments/m2/cross_state_reliability_design_001/protocol.json",
    "experiments/m2/cross_state_reliability_design_001/report.md",
    "experiments/m2/cross_state_reliability_design_001/source_manifest.json",
    "experiments/m2/cross_state_reliability_design_001/verification.json",
    "ops/decisions/m23b-main-publication.json"
  ],
  "unrelated_untracked_count": 0,
  "unrelated_untracked_sample": [],
  "remote_status": "NOT_CONTACTED",
  "staged_or_committed": false,
  "ops_elapsed_seconds": 0.1992
}
