{
  "status": "PASS_SCOPED_DIFF",
  "base": "98fa234e69a9a81867ed33a07579a3e0904f0758",
  "head": "143d0ca218afd6fe3b7ff75a144d7acec88bf08e",
  "branch": "m2.6a/p1-integrity-repair",
  "scope": [
    "experiments/m2/unseen_halt_hold_p1_repair_001"
  ],
  "outside_tracked_changes": [],
  "diff_errors": "",
  "untracked_task_paths": [
    "experiments/m2/unseen_halt_hold_p1_repair_001/code_review.json",
    "experiments/m2/unseen_halt_hold_p1_repair_001/failure_contrast.json",
    "experiments/m2/unseen_halt_hold_p1_repair_001/offline_test_receipt.json",
    "experiments/m2/unseen_halt_hold_p1_repair_001/readiness_manifest.json",
    "experiments/m2/unseen_halt_hold_p1_repair_001/receipt_correction.json",
    "experiments/m2/unseen_halt_hold_p1_repair_001/repair_report.md",
    "experiments/m2/unseen_halt_hold_p1_repair_001/source_manifest.json",
    "experiments/m2/unseen_halt_hold_p1_repair_001/target_preflight_receipt.json"
  ],
  "unrelated_untracked_count": 0,
  "unrelated_untracked_sample": [],
  "remote_status": "NOT_CONTACTED",
  "staged_or_committed": false,
  "ops_elapsed_seconds": 0.1874
}
