..................F.......F.                                             [100%]
================================== FAILURES ===================================
________ test_expected_source_closure_includes_runtime_and_raw_history ________

    def test_expected_source_closure_includes_runtime_and_raw_history():
        paths = R["expected_source_paths"]()
        assert "src/g1swarm/skills/basic.py" in paths
        assert "experiments/m2/post_halt_hold_qualification_001/raw/campaign_001.zip" in paths
        assert "experiments/m2/cross_state_reliability_archives_001/manifest.json" in paths
        assert sum(name.startswith(R["DESIGN"] + "/") for name in paths) == 16
>       assert not any(name.endswith("/readiness_manifest.json") and
                       name.startswith("experiments/m2/unseen_halt_hold_p1_repair_001/") for name in paths)
E       assert not True
E        +  where True = any(<generator object test_expected_source_closure_includes_runtime_and_raw_history.<locals>.<genexpr> at 0x000001CE0A5B9B60>)

experiments\m2\unseen_halt_hold_p1_repair_001\test_readiness.py:177: AssertionError
________________ test_superseded_original_hash_drift_rejected _________________

tmp_path = WindowsPath('C:/Users/Administrator/AppData/Local/Temp/pytest-of-Administrator/pytest-285/test_superseded_original_hash_0')

    def test_superseded_original_hash_drift_rejected(tmp_path):
        import shutil
        source = R["HERE"] / "superseded_candidate_001"
        here = tmp_path / R["REPAIR_NAMESPACE"]
>       shutil.copytree(source, here / source.name)

experiments\m2\unseen_halt_hold_p1_repair_001\test_readiness.py:240: 
_ _ _ _ _ _ _ _ _ _ _ _ _ _ _ _ _ _ _ _ _ _ _ _ _ _ _ _ _ _ _ _ _ _ _ _ _ _ _ _
C:\Users\Administrator\AppData\Local\Programs\Python\Python311\Lib\shutil.py:573: in copytree
    return _copytree(entries=entries, src=src, dst=dst, symlinks=symlinks,
_ _ _ _ _ _ _ _ _ _ _ _ _ _ _ _ _ _ _ _ _ _ _ _ _ _ _ _ _ _ _ _ _ _ _ _ _ _ _ _

entries = [<DirEntry 'canonical_metadata'>, <DirEntry 'original_root'>, <DirEntry 'rejection.json'>]
src = WindowsPath('D:/work/g1-m26a-p1-repair/experiments/m2/unseen_halt_hold_p1_repair_001/superseded_candidate_001')
dst = WindowsPath('C:/Users/Administrator/AppData/Local/Temp/pytest-of-Administrator/pytest-285/test_superseded_original_hash_0/experiments/m2/unseen_halt_hold_p1_repair_001/superseded_candidate_001')
symlinks = False, ignore = None
copy_function = <function copy2 at 0x000001CE0809ED40>
ignore_dangling_symlinks = False, dirs_exist_ok = False

    def _copytree(entries, src, dst, symlinks, ignore, copy_function,
                  ignore_dangling_symlinks, dirs_exist_ok=False):
        if ignore is not None:
            ignored_names = ignore(os.fspath(src), [x.name for x in entries])
        else:
            ignored_names = ()
    
        os.makedirs(dst, exist_ok=dirs_exist_ok)
        errors = []
        use_srcentry = copy_function is copy2 or copy_function is copy
    
        for srcentry in entries:
            if srcentry.name in ignored_names:
                continue
            srcname = os.path.join(src, srcentry.name)
            dstname = os.path.join(dst, srcentry.name)
            srcobj = srcentry if use_srcentry else srcname
            try:
                is_symlink = srcentry.is_symlink()
                if is_symlink and os.name == 'nt':
                    # Special check for directory junctions, which appear as
                    # symlinks but we want to recurse.
                    lstat = srcentry.stat(follow_symlinks=False)
                    if lstat.st_reparse_tag == stat.IO_REPARSE_TAG_MOUNT_POINT:
                        is_symlink = False
                if is_symlink:
                    linkto = os.readlink(srcname)
                    if symlinks:
                        # We can't just leave it to `copy_function` because legacy
                        # code with a custom `copy_function` may rely on copytree
                        # doing the right thing.
                        os.symlink(linkto, dstname)
                        copystat(srcobj, dstname, follow_symlinks=not symlinks)
                    else:
                        # ignore dangling symlink if the flag is on
                        if not os.path.exists(linkto) and ignore_dangling_symlinks:
                            continue
                        # otherwise let the copy occur. copy2 will raise an error
                        if srcentry.is_dir():
                            copytree(srcobj, dstname, symlinks, ignore,
                                     copy_function, ignore_dangling_symlinks,
                                     dirs_exist_ok)
                        else:
                            copy_function(srcobj, dstname)
                elif srcentry.is_dir():
                    copytree(srcobj, dstname, symlinks, ignore, copy_function,
                             ignore_dangling_symlinks, dirs_exist_ok)
                else:
                    # Will raise a SpecialFileError for unsupported file types
                    copy_function(srcobj, dstname)
            # catch the Error from the recursive copytree so that we can
            # continue with other files
            except Error as err:
                errors.extend(err.args[0])
            except OSError as why:
                errors.append((srcname, dstname, str(why)))
        try:
            copystat(src, dst)
        except OSError as why:
            # Copying file access times may fail on Windows
            if getattr(why, 'winerror', None) is None:
                errors.append((src, dst, str(why)))
        if errors:
>           raise Error(errors)
E           shutil.Error: [('D:\\work\\g1-m26a-p1-repair\\experiments\\m2\\unseen_halt_hold_p1_repair_001\\superseded_candidate_001\\original_root\\experiments\\m2\\unseen_halt_hold_p1_repair_001\\failure_contrast.json', 'C:\\Users\\Administrator\\AppData\\Local\\Temp\\pytest-of-Administrator\\pytest-285\\test_superseded_original_hash_0\\experiments\\m2\\unseen_halt_hold_p1_repair_001\\superseded_candidate_001\\original_root\\experiments\\m2\\unseen_halt_hold_p1_repair_001\\failure_contrast.json', "[Errno 2] No such file or directory: 'C:\\\\Users\\\\Administrator\\\\AppData\\\\Local\\\\Temp\\\\pytest-of-Administrator\\\\pytest-285\\\\test_superseded_original_hash_0\\\\experiments\\\\m2\\\\unseen_halt_hold_p1_repair_001\\\\superseded_candidate_001\\\\original_root\\\\experiments\\\\m2\\\\unseen_halt_hold_p1_repair_001\\\\failure_contrast.json'"), ('D:\\work\\g1-m26a-p1-repair\\experiments\\m2\\unseen_halt_hold_p1_repair_001\\superseded_candidate_001\\original_root\\experiments\\m2\\unseen_halt_hold_p1_repair_001\\logs\\m26a-p1-repair-1791544825710612000.log', 'C:\\Users\\Administrator\\AppData\\Local\\Temp\\pytest-of-Administrator\\pytest-285\\test_superseded_original_hash_0\\experiments\\m2\\unseen_halt_hold_p1_repair_001\\superseded_candidate_001\\original_root\\experiments\\m2\\unseen_halt_hold_p1_repair_001\\logs\\m26a-p1-repair-1791544825710612000.log', "[Errno 2] No such file or directory: 'C:\\\\Users\\\\Administrator\\\\AppData\\\\Local\\\\Temp\\\\pytest-of-Administrator\\\\pytest-285\\\\test_superseded_original_hash_0\\\\experiments\\\\m2\\\\unseen_halt_hold_p1_repair_001\\\\superseded_candidate_001\\\\original_root\\\\experiments\\\\m2\\\\unseen_halt_hold_p1_repair_001\\\\logs\\\\m26a-p1-repair-1791544825710612000.log'"), ('D:\\work\\g1-m26a-p1-repair\\experiments\\m2\\unseen_halt_hold_p1_repair_001\\superseded_candidate_001\\original_root\\experiments\\m2\\unseen_halt_hold_p1_repair_001\\logs\\m26a-p1-repair-1791545025451351400.log', 'C:\\Users\\Administrator\\AppData\\Local\\Temp\\pytest-of-Administrator\\pytest-285\\test_superseded_original_hash_0\\experiments\\m2\\unseen_halt_hold_p1_repair_001\\superseded_candidate_001\\original_root\\experiments\\m2\\unseen_halt_hold_p1_repair_001\\logs\\m26a-p1-repair-1791545025451351400.log', "[Errno 2] No such file or directory: 'C:\\\\Users\\\\Administrator\\\\AppData\\\\Local\\\\Temp\\\\pytest-of-Administrator\\\\pytest-285\\\\test_superseded_original_hash_0\\\\experiments\\\\m2\\\\unseen_halt_hold_p1_repair_001\\\\superseded_candidate_001\\\\original_root\\\\experiments\\\\m2\\\\unseen_halt_hold_p1_repair_001\\\\logs\\\\m26a-p1-repair-1791545025451351400.log'"), ('D:\\work\\g1-m26a-p1-repair\\experiments\\m2\\unseen_halt_hold_p1_repair_001\\superseded_candidate_001\\original_root\\experiments\\m2\\unseen_halt_hold_p1_repair_001\\logs\\m26a-p1-repair-1791545104786523000.log', 'C:\\Users\\Administrator\\AppData\\Local\\Temp\\pytest-of-Administrator\\pytest-285\\test_superseded_original_hash_0\\experiments\\m2\\unseen_halt_hold_p1_repair_001\\superseded_candidate_001\\original_root\\experiments\\m2\\unseen_halt_hold_p1_repair_001\\logs\\m26a-p1-repair-1791545104786523000.log', "[Errno 2] No such file or directory: 'C:\\\\Users\\\\Administrator\\\\AppData\\\\Local\\\\Temp\\\\pytest-of-Administrator\\\\pytest-285\\\\test_superseded_original_hash_0\\\\experiments\\\\m2\\\\unseen_halt_hold_p1_repair_001\\\\superseded_candidate_001\\\\original_root\\\\experiments\\\\m2\\\\unseen_halt_hold_p1_repair_001\\\\logs\\\\m26a-p1-repair-1791545104786523000.log'"), ('D:\\work\\g1-m26a-p1-repair\\experiments\\m2\\unseen_halt_hold_p1_repair_001\\superseded_candidate_001\\original_root\\experiments\\m2\\unseen_halt_hold_p1_repair_001\\logs\\m26a-p1-repair-1791545182853692800.log', 'C:\\Users\\Administrator\\AppData\\Local\\Temp\\pytest-of-Administrator\\pytest-285\\test_superseded_original_hash_0\\experiments\\m2\\unseen_halt_hold_p1_repair_001\\superseded_candidate_001\\original_root\\experiments\\m2\\unseen_halt_hold_p1_repair_001\\logs\\m26a-p1-repair-1791545182853692800.log', "[Errno 2] No such file or directory: 'C:\\\\Users\\\\Administrator\\\\AppData\\\\Local\\\\Temp\\\\pytest-of-Administrator\\\\pytest-285\\\\test_superseded_original_hash_0\\\\experiments\\\\m2\\\\unseen_halt_hold_p1_repair_001\\\\superseded_candidate_001\\\\original_root\\\\experiments\\\\m2\\\\unseen_halt_hold_p1_repair_001\\\\logs\\\\m26a-p1-repair-1791545182853692800.log'"), ('D:\\work\\g1-m26a-p1-repair\\experiments\\m2\\unseen_halt_hold_p1_repair_001\\superseded_candidate_001\\original_root\\experiments\\m2\\unseen_halt_hold_p1_repair_001\\logs\\m26a-p1-repair-1791545240722807500.log', 'C:\\Users\\Administrator\\AppData\\Local\\Temp\\pytest-of-Administrator\\pytest-285\\test_superseded_original_hash_0\\experiments\\m2\\unseen_halt_hold_p1_repair_001\\superseded_candidate_001\\original_root\\experiments\\m2\\unseen_halt_hold_p1_repair_001\\logs\\m26a-p1-repair-1791545240722807500.log', "[Errno 2] No such file or directory: 'C:\\\\Users\\\\Administrator\\\\AppData\\\\Local\\\\Temp\\\\pytest-of-Administrator\\\\pytest-285\\\\test_superseded_original_hash_0\\\\experiments\\\\m2\\\\unseen_halt_hold_p1_repair_001\\\\superseded_candidate_001\\\\original_root\\\\experiments\\\\m2\\\\unseen_halt_hold_p1_repair_001\\\\logs\\\\m26a-p1-repair-1791545240722807500.log'"), ('D:\\work\\g1-m26a-p1-repair\\experiments\\m2\\unseen_halt_hold_p1_repair_001\\superseded_candidate_001\\original_root\\experiments\\m2\\unseen_halt_hold_p1_repair_001\\logs\\m26a-p1-repair-1791545244618686500.log', 'C:\\Users\\Administrator\\AppData\\Local\\Temp\\pytest-of-Administrator\\pytest-285\\test_superseded_original_hash_0\\experiments\\m2\\unseen_halt_hold_p1_repair_001\\superseded_candidate_001\\original_root\\experiments\\m2\\unseen_halt_hold_p1_repair_001\\logs\\m26a-p1-repair-1791545244618686500.log', "[Errno 2] No such file or directory: 'C:\\\\Users\\\\Administrator\\\\AppData\\\\Local\\\\Temp\\\\pytest-of-Administrator\\\\pytest-285\\\\test_superseded_original_hash_0\\\\experiments\\\\m2\\\\unseen_halt_hold_p1_repair_001\\\\superseded_candidate_001\\\\original_root\\\\experiments\\\\m2\\\\unseen_halt_hold_p1_repair_001\\\\logs\\\\m26a-p1-repair-1791545244618686500.log'"), ('D:\\work\\g1-m26a-p1-repair\\experiments\\m2\\unseen_halt_hold_p1_repair_001\\superseded_candidate_001\\original_root\\experiments\\m2\\unseen_halt_hold_p1_repair_001\\logs\\m26a-p1-repair-1791545446852299100.log', 'C:\\Users\\Administrator\\AppData\\Local\\Temp\\pytest-of-Administrator\\pytest-285\\test_superseded_original_hash_0\\experiments\\m2\\unseen_halt_hold_p1_repair_001\\superseded_candidate_001\\original_root\\experiments\\m2\\unseen_halt_hold_p1_repair_001\\logs\\m26a-p1-repair-1791545446852299100.log', "[Errno 2] No such file or directory: 'C:\\\\Users\\\\Administrator\\\\AppData\\\\Local\\\\Temp\\\\pytest-of-Administrator\\\\pytest-285\\\\test_superseded_original_hash_0\\\\experiments\\\\m2\\\\unseen_halt_hold_p1_repair_001\\\\superseded_candidate_001\\\\original_root\\\\experiments\\\\m2\\\\unseen_halt_hold_p1_repair_001\\\\logs\\\\m26a-p1-repair-1791545446852299100.log'"), ('D:\\work\\g1-m26a-p1-repair\\experiments\\m2\\unseen_halt_hold_p1_repair_001\\superseded_candidate_001\\original_root\\experiments\\m2\\unseen_halt_hold_p1_repair_001\\logs\\m26a-p1-repair-1791545456343324400.log', 'C:\\Users\\Administrator\\AppData\\Local\\Temp\\pytest-of-Administrator\\pytest-285\\test_superseded_original_hash_0\\experiments\\m2\\unseen_halt_hold_p1_repair_001\\superseded_candidate_001\\original_root\\experiments\\m2\\unseen_halt_hold_p1_repair_001\\logs\\m26a-p1-repair-1791545456343324400.log', "[Errno 2] No such file or directory: 'C:\\\\Users\\\\Administrator\\\\AppData\\\\Local\\\\Temp\\\\pytest-of-Administrator\\\\pytest-285\\\\test_superseded_original_hash_0\\\\experiments\\\\m2\\\\unseen_halt_hold_p1_repair_001\\\\superseded_candidate_001\\\\original_root\\\\experiments\\\\m2\\\\unseen_halt_hold_p1_repair_001\\\\logs\\\\m26a-p1-repair-1791545456343324400.log'"), ('D:\\work\\g1-m26a-p1-repair\\experiments\\m2\\unseen_halt_hold_p1_repair_001\\superseded_candidate_001\\original_root\\experiments\\m2\\unseen_halt_hold_p1_repair_001\\logs\\m26a-p1-repair-1791545666694821100.log', 'C:\\Users\\Administrator\\AppData\\Local\\Temp\\pytest-of-Administrator\\pytest-285\\test_superseded_original_hash_0\\experiments\\m2\\unseen_halt_hold_p1_repair_001\\superseded_candidate_001\\original_root\\experiments\\m2\\unseen_halt_hold_p1_repair_001\\logs\\m26a-p1-repair-1791545666694821100.log', "[Errno 2] No such file or directory: 'C:\\\\Users\\\\Administrator\\\\AppData\\\\Local\\\\Temp\\\\pytest-of-Administrator\\\\pytest-285\\\\test_superseded_original_hash_0\\\\experiments\\\\m2\\\\unseen_halt_hold_p1_repair_001\\\\superseded_candidate_001\\\\original_root\\\\experiments\\\\m2\\\\unseen_halt_hold_p1_repair_001\\\\logs\\\\m26a-p1-repair-1791545666694821100.log'"), ('D:\\work\\g1-m26a-p1-repair\\experiments\\m2\\unseen_halt_hold_p1_repair_001\\superseded_candidate_001\\original_root\\experiments\\m2\\unseen_halt_hold_p1_repair_001\\logs\\m26a-p1-repair-1791545780571649600.log', 'C:\\Users\\Administrator\\AppData\\Local\\Temp\\pytest-of-Administrator\\pytest-285\\test_superseded_original_hash_0\\experiments\\m2\\unseen_halt_hold_p1_repair_001\\superseded_candidate_001\\original_root\\experiments\\m2\\unseen_halt_hold_p1_repair_001\\logs\\m26a-p1-repair-1791545780571649600.log', "[Errno 2] No such file or directory: 'C:\\\\Users\\\\Administrator\\\\AppData\\\\Local\\\\Temp\\\\pytest-of-Administrator\\\\pytest-285\\\\test_superseded_original_hash_0\\\\experiments\\\\m2\\\\unseen_halt_hold_p1_repair_001\\\\superseded_candidate_001\\\\original_root\\\\experiments\\\\m2\\\\unseen_halt_hold_p1_repair_001\\\\logs\\\\m26a-p1-repair-1791545780571649600.log'"), ('D:\\work\\g1-m26a-p1-repair\\experiments\\m2\\unseen_halt_hold_p1_repair_001\\superseded_candidate_001\\original_root\\experiments\\m2\\unseen_halt_hold_p1_repair_001\\logs\\m26a-p1-repair-1791545838245793200.log', 'C:\\Users\\Administrator\\AppData\\Local\\Temp\\pytest-of-Administrator\\pytest-285\\test_superseded_original_hash_0\\experiments\\m2\\unseen_halt_hold_p1_repair_001\\superseded_candidate_001\\original_root\\experiments\\m2\\unseen_halt_hold_p1_repair_001\\logs\\m26a-p1-repair-1791545838245793200.log', "[Errno 2] No such file or directory: 'C:\\\\Users\\\\Administrator\\\\AppData\\\\Local\\\\Temp\\\\pytest-of-Administrator\\\\pytest-285\\\\test_superseded_original_hash_0\\\\experiments\\\\m2\\\\unseen_halt_hold_p1_repair_001\\\\superseded_candidate_001\\\\original_root\\\\experiments\\\\m2\\\\unseen_halt_hold_p1_repair_001\\\\logs\\\\m26a-p1-repair-1791545838245793200.log'"), ('D:\\work\\g1-m26a-p1-repair\\experiments\\m2\\unseen_halt_hold_p1_repair_001\\superseded_candidate_001\\original_root\\experiments\\m2\\unseen_halt_hold_p1_repair_001\\logs\\m26a-p1-repair-1791546008826536900.log', 'C:\\Users\\Administrator\\AppData\\Local\\Temp\\pytest-of-Administrator\\pytest-285\\test_superseded_original_hash_0\\experiments\\m2\\unseen_halt_hold_p1_repair_001\\superseded_candidate_001\\original_root\\experiments\\m2\\unseen_halt_hold_p1_repair_001\\logs\\m26a-p1-repair-1791546008826536900.log', "[Errno 2] No such file or directory: 'C:\\\\Users\\\\Administrator\\\\AppData\\\\Local\\\\Temp\\\\pytest-of-Administrator\\\\pytest-285\\\\test_superseded_original_hash_0\\\\experiments\\\\m2\\\\unseen_halt_hold_p1_repair_001\\\\superseded_candidate_001\\\\original_root\\\\experiments\\\\m2\\\\unseen_halt_hold_p1_repair_001\\\\logs\\\\m26a-p1-repair-1791546008826536900.log'"), ('D:\\work\\g1-m26a-p1-repair\\experiments\\m2\\unseen_halt_hold_p1_repair_001\\superseded_candidate_001\\original_root\\experiments\\m2\\unseen_halt_hold_p1_repair_001\\logs\\m26a-p1-repair-1791546009138339900.log', 'C:\\Users\\Administrator\\AppData\\Local\\Temp\\pytest-of-Administrator\\pytest-285\\test_superseded_original_hash_0\\experiments\\m2\\unseen_halt_hold_p1_repair_001\\superseded_candidate_001\\original_root\\experiments\\m2\\unseen_halt_hold_p1_repair_001\\logs\\m26a-p1-repair-1791546009138339900.log', "[Errno 2] No such file or directory: 'C:\\\\Users\\\\Administrator\\\\AppData\\\\Local\\\\Temp\\\\pytest-of-Administrator\\\\pytest-285\\\\test_superseded_original_hash_0\\\\experiments\\\\m2\\\\unseen_halt_hold_p1_repair_001\\\\superseded_candidate_001\\\\original_root\\\\experiments\\\\m2\\\\unseen_halt_hold_p1_repair_001\\\\logs\\\\m26a-p1-repair-1791546009138339900.log'"), ('D:\\work\\g1-m26a-p1-repair\\experiments\\m2\\unseen_halt_hold_p1_repair_001\\superseded_candidate_001\\original_root\\experiments\\m2\\unseen_halt_hold_p1_repair_001\\logs\\m26a-p1-repair-1791546202127842700.log', 'C:\\Users\\Administrator\\AppData\\Local\\Temp\\pytest-of-Administrator\\pytest-285\\test_superseded_original_hash_0\\experiments\\m2\\unseen_halt_hold_p1_repair_001\\superseded_candidate_001\\original_root\\experiments\\m2\\unseen_halt_hold_p1_repair_001\\logs\\m26a-p1-repair-1791546202127842700.log', "[Errno 2] No such file or directory: 'C:\\\\Users\\\\Administrator\\\\AppData\\\\Local\\\\Temp\\\\pytest-of-Administrator\\\\pytest-285\\\\test_superseded_original_hash_0\\\\experiments\\\\m2\\\\unseen_halt_hold_p1_repair_001\\\\superseded_candidate_001\\\\original_root\\\\experiments\\\\m2\\\\unseen_halt_hold_p1_repair_001\\\\logs\\\\m26a-p1-repair-1791546202127842700.log'"), ('D:\\work\\g1-m26a-p1-repair\\experiments\\m2\\unseen_halt_hold_p1_repair_001\\superseded_candidate_001\\original_root\\experiments\\m2\\unseen_halt_hold_p1_repair_001\\logs\\m26a-p1-repair-1791546304976884300.log', 'C:\\Users\\Administrator\\AppData\\Local\\Temp\\pytest-of-Administrator\\pytest-285\\test_superseded_original_hash_0\\experiments\\m2\\unseen_halt_hold_p1_repair_001\\superseded_candidate_001\\original_root\\experiments\\m2\\unseen_halt_hold_p1_repair_001\\logs\\m26a-p1-repair-1791546304976884300.log', "[Errno 2] No such file or directory: 'C:\\\\Users\\\\Administrator\\\\AppData\\\\Local\\\\Temp\\\\pytest-of-Administrator\\\\pytest-285\\\\test_superseded_original_hash_0\\\\experiments\\\\m2\\\\unseen_halt_hold_p1_repair_001\\\\superseded_candidate_001\\\\original_root\\\\experiments\\\\m2\\\\unseen_halt_hold_p1_repair_001\\\\logs\\\\m26a-p1-repair-1791546304976884300.log'"), ('D:\\work\\g1-m26a-p1-repair\\experiments\\m2\\unseen_halt_hold_p1_repair_001\\superseded_candidate_001\\original_root\\experiments\\m2\\unseen_halt_hold_p1_repair_001\\logs\\research_ops_events_at_freeze.jsonl', 'C:\\Users\\Administrator\\AppData\\Local\\Temp\\pytest-of-Administrator\\pytest-285\\test_superseded_original_hash_0\\experiments\\m2\\unseen_halt_hold_p1_repair_001\\superseded_candidate_001\\original_root\\experiments\\m2\\unseen_halt_hold_p1_repair_001\\logs\\research_ops_events_at_freeze.jsonl', "[Errno 2] No such file or directory: 'C:\\\\Users\\\\Administrator\\\\AppData\\\\Local\\\\Temp\\\\pytest-of-Administrator\\\\pytest-285\\\\test_superseded_original_hash_0\\\\experiments\\\\m2\\\\unseen_halt_hold_p1_repair_001\\\\superseded_candidate_001\\\\original_root\\\\experiments\\\\m2\\\\unseen_halt_hold_p1_repair_001\\\\logs\\\\research_ops_events_at_freeze.jsonl'"), ('D:\\work\\g1-m26a-p1-repair\\experiments\\m2\\unseen_halt_hold_p1_repair_001\\superseded_candidate_001\\original_root\\experiments\\m2\\unseen_halt_hold_p1_repair_001\\offline_test_receipt.json', 'C:\\Users\\Administrator\\AppData\\Local\\Temp\\pytest-of-Administrator\\pytest-285\\test_superseded_original_hash_0\\experiments\\m2\\unseen_halt_hold_p1_repair_001\\superseded_candidate_001\\original_root\\experiments\\m2\\unseen_halt_hold_p1_repair_001\\offline_test_receipt.json', "[Errno 2] No such file or directory: 'C:\\\\Users\\\\Administrator\\\\AppData\\\\Local\\\\Temp\\\\pytest-of-Administrator\\\\pytest-285\\\\test_superseded_original_hash_0\\\\experiments\\\\m2\\\\unseen_halt_hold_p1_repair_001\\\\superseded_candidate_001\\\\original_root\\\\experiments\\\\m2\\\\unseen_halt_hold_p1_repair_001\\\\offline_test_receipt.json'"), ('D:\\work\\g1-m26a-p1-repair\\experiments\\m2\\unseen_halt_hold_p1_repair_001\\superseded_candidate_001\\original_root\\experiments\\m2\\unseen_halt_hold_p1_repair_001\\readiness_manifest.json', 'C:\\Users\\Administrator\\AppData\\Local\\Temp\\pytest-of-Administrator\\pytest-285\\test_superseded_original_hash_0\\experiments\\m2\\unseen_halt_hold_p1_repair_001\\superseded_candidate_001\\original_root\\experiments\\m2\\unseen_halt_hold_p1_repair_001\\readiness_manifest.json', "[Errno 2] No such file or directory: 'C:\\\\Users\\\\Administrator\\\\AppData\\\\Local\\\\Temp\\\\pytest-of-Administrator\\\\pytest-285\\\\test_superseded_original_hash_0\\\\experiments\\\\m2\\\\unseen_halt_hold_p1_repair_001\\\\superseded_candidate_001\\\\original_root\\\\experiments\\\\m2\\\\unseen_halt_hold_p1_repair_001\\\\readiness_manifest.json'"), ('D:\\work\\g1-m26a-p1-repair\\experiments\\m2\\unseen_halt_hold_p1_repair_001\\superseded_candidate_001\\original_root\\experiments\\m2\\unseen_halt_hold_p1_repair_001\\source_manifest.json', 'C:\\Users\\Administrator\\AppData\\Local\\Temp\\pytest-of-Administrator\\pytest-285\\test_superseded_original_hash_0\\experiments\\m2\\unseen_halt_hold_p1_repair_001\\superseded_candidate_001\\original_root\\experiments\\m2\\unseen_halt_hold_p1_repair_001\\source_manifest.json', "[Errno 2] No such file or directory: 'C:\\\\Users\\\\Administrator\\\\AppData\\\\Local\\\\Temp\\\\pytest-of-Administrator\\\\pytest-285\\\\test_superseded_original_hash_0\\\\experiments\\\\m2\\\\unseen_halt_hold_p1_repair_001\\\\superseded_candidate_001\\\\original_root\\\\experiments\\\\m2\\\\unseen_halt_hold_p1_repair_001\\\\source_manifest.json'"), ('D:\\work\\g1-m26a-p1-repair\\experiments\\m2\\unseen_halt_hold_p1_repair_001\\superseded_candidate_001\\original_root\\experiments\\m2\\unseen_halt_hold_p1_repair_001\\target_preflight_receipt.json', 'C:\\Users\\Administrator\\AppData\\Local\\Temp\\pytest-of-Administrator\\pytest-285\\test_superseded_original_hash_0\\experiments\\m2\\unseen_halt_hold_p1_repair_001\\superseded_candidate_001\\original_root\\experiments\\m2\\unseen_halt_hold_p1_repair_001\\target_preflight_receipt.json', "[Errno 2] No such file or directory: 'C:\\\\Users\\\\Administrator\\\\AppData\\\\Local\\\\Temp\\\\pytest-of-Administrator\\\\pytest-285\\\\test_superseded_original_hash_0\\\\experiments\\\\m2\\\\unseen_halt_hold_p1_repair_001\\\\superseded_candidate_001\\\\original_root\\\\experiments\\\\m2\\\\unseen_halt_hold_p1_repair_001\\\\target_preflight_receipt.json'")]

C:\Users\Administrator\AppData\Local\Programs\Python\Python311\Lib\shutil.py:527: Error
=========================== short test summary info ===========================
FAILED experiments/m2/unseen_halt_hold_p1_repair_001/test_readiness.py::test_expected_source_closure_includes_runtime_and_raw_history
FAILED experiments/m2/unseen_halt_hold_p1_repair_001/test_readiness.py::test_superseded_original_hash_drift_rejected
2 failed, 26 passed in 4.97s
