{
  "blocked_delivery": {
    "head": "98fa234e69a9a81867ed33a07579a3e0904f0758",
    "readiness_sha256": "c052cb3b155a2182be0481f530b3c3dcbee4fa53c74c38313c8e8220923207eb",
    "status": "BLOCKED_FOR_ACQUISITION"
  },
  "checked_execution_head": "143d0ca218afd6fe3b7ff75a144d7acec88bf08e",
  "dependency_count": 41,
  "design_head": "d5f33bc5254abdb9775bde9a169e3b360dedb810",
  "execution_source_count": 438,
  "expected_execution_head": "143d0ca218afd6fe3b7ff75a144d7acec88bf08e",
  "model_loads": 0,
  "official_asset_count": 91,
  "physics_authorized": false,
  "physics_steps": 0,
  "policy_inferences": 0,
  "policy_runtime_imported": false,
  "readiness_sha256": "7129f1de6fcad8d403814d75c0cb39b270f4b7890b84b62e9b14f029256c74af",
  "repair_namespace": "experiments/m2/unseen_halt_hold_p1_repair_001",
  "simulator_imported": false,
  "source_manifest_sha256": "27c6157625cd5853dfd735040555d024ff004d5b9da194c8827e974afb1fbd48",
  "status": "TARGET_PREFLIGHT_PASS_NO_PHYSICS",
  "xml_documents": 2,
  "xml_resource_count": 28
}
