{
  "blocked_delivery": {
    "head": "98fa234e69a9a81867ed33a07579a3e0904f0758",
    "readiness_sha256": "c052cb3b155a2182be0481f530b3c3dcbee4fa53c74c38313c8e8220923207eb",
    "status": "BLOCKED_FOR_ACQUISITION"
  },
  "checked_execution_head": "0eb17bb95319027219bc30f24b718a6fd6914d68",
  "dependency_count": 41,
  "design_head": "d5f33bc5254abdb9775bde9a169e3b360dedb810",
  "execution_source_count": 405,
  "expected_execution_head": "0eb17bb95319027219bc30f24b718a6fd6914d68",
  "model_loads": 0,
  "official_asset_count": 91,
  "physics_authorized": false,
  "physics_steps": 0,
  "policy_inferences": 0,
  "policy_runtime_imported": false,
  "readiness_sha256": "cf8aadc054d673a86f8835f205b2a4469fba00bc3fecafaba0a720926649e243",
  "repair_namespace": "experiments/m2/unseen_halt_hold_p1_repair_001",
  "simulator_imported": false,
  "source_manifest_sha256": "2decc94993c3164dfd75c8190e60ba4feb04ba01e1d1c3916a3f371e05315519",
  "status": "TARGET_PREFLIGHT_PASS_NO_PHYSICS",
  "xml_documents": 2,
  "xml_resource_count": 28
}
