warning: in the working copy of 'ops/state.json', CRLF will be replaced by LF the next time Git touches it
{
  "status": "PASS_SCOPED_DIFF",
  "base": "a114ec90a4f577420e6f183fe0c41cadedba03fd",
  "head": "a33bb49ccc217173f5eb19efc913595ae74bf932",
  "branch": "m2.3b/real-trusted-handoff",
  "scope": [
    "experiments/m2/trusted_handoff_qualification_001",
    "experiments/research_console/m23b_trusted_handoff_001",
    "scripts/build_m23b_replay.py",
    "scripts/.gitattributes",
    "tests/test_m23b_acquisition.py",
    "console/server.py",
    "console/web/app.js",
    "console/web/data.js",
    "console/web/data.test.js",
    "console/web/styles.css",
    "console/tests/test_m23b_replay.py",
    "ops/state.json",
    "ops/decisions/m23b-selection.json"
  ],
  "outside_tracked_changes": [],
  "diff_errors": "",
  "untracked_task_paths": [
    "experiments/m2/trusted_handoff_qualification_001/closeout_review.json",
    "experiments/m2/trusted_handoff_qualification_001/ops_tests.xml",
    "ops/decisions/m23b-selection.json"
  ],
  "unrelated_untracked_count": 0,
  "unrelated_untracked_sample": [],
  "remote_status": "NOT_CONTACTED",
  "staged_or_committed": false,
  "ops_elapsed_seconds": 0.1853
}
