....................................F..                                  [100%]
================================== FAILURES ===================================
______ test_bound_adapter_preserves_p1_and_worker_path_with_fake_backend ______

tmp_path = WindowsPath('D:/webcodex/mujoco-g1/entry-binding-tests-001/test_bound_adapter_preserves_p0')
monkeypatch = <_pytest.monkeypatch.MonkeyPatch object at 0x000001B212764B50>

    def test_bound_adapter_preserves_p1_and_worker_path_with_fake_backend(tmp_path, monkeypatch):
        raw = G.ROOT / G.ORIGINAL / "acquire.py"
        fake = SimpleNamespace(ORIGINAL=G.ORIGINAL, DESIGN=G.DESIGN,
            require=G.require, digest=G.digest, load=lambda path: {"files": {raw.relative_to(G.ROOT).as_posix(): G.digest(raw)}} if path.name == "source_manifest.json" else G.load(path),
            check_target=lambda **kw: {"status": "OFFLINE_GATE_DOUBLE"}, authorize_operation=lambda *a: None)
        monkeypatch.delitem(sys.modules, "audit", raising=False)
        before = list(sys.path)
        try:
            adapter = E.checked_adapter(fake, args("worker"))
            assert adapter.HERE == HERE and adapter.READINESS == HERE / "readiness_manifest.json"
            assert adapter.assess_hold.__code__.co_filename == str(raw)
            assert adapter.exception_observer.__code__.co_filename == str(raw)
            assert adapter.preflight("a" * 64)[2]["status"] == "OFFLINE_GATE_DOUBLE"
            fake.check_target = lambda **kw: (_ for _ in ()).throw(ValueError("worker drift"))
            with pytest.raises(ValueError, match="worker drift"):
                with adapter.production_backend({}, {}, {}, tmp_path, 0):
                    pytest.fail("backend reached")
            assert not {"mujoco", "torch", "g1swarm"}.intersection(sys.modules)
            tree = ast.parse(raw.read_text(encoding="utf8"))
            acquire = next(n for n in tree.body if isinstance(n, ast.FunctionDef) and n.name == "acquire")
>           assert 'str(HERE / "acquire.py")' in ast.unparse(acquire)
E           assert 'str(HERE / "acquire.py")' in "def acquire(*, authorize_physics: bool, readiness_sha256: str, output: Path, execution_head: str) -> dict:\n    if no...eps, **bindings, **wall_fields(started)}\n    write_new(output / 'campaign_receipt.json', receipt)\n    return receipt"
E            +  where "def acquire(*, authorize_physics: bool, readiness_sha256: str, output: Path, execution_head: str) -> dict:\n    if no...eps, **bindings, **wall_fields(started)}\n    write_new(output / 'campaign_receipt.json', receipt)\n    return receipt" = <function unparse at 0x000001B2111B9F80>(<ast.FunctionDef object at 0x000001B2147E7A30>)
E            +    where <function unparse at 0x000001B2111B9F80> = ast.unparse

experiments\m2\acquisition_entry_binding_001\test_entry.py:164: AssertionError
=========================== short test summary info ===========================
FAILED experiments/m2/acquisition_entry_binding_001/test_entry.py::test_bound_adapter_preserves_p1_and_worker_path_with_fake_backend
1 failed, 38 passed in 1.46s
