requested_image=ros:jazzy-ros-base-noble
git_head=0f11fe3c89dc6038f434afe6543f19bbedd20e8b
github_run_url=https://github.com/Anhao1314/g1-jev-swarm-lab/actions/runs/37893336668
github_sha=d487c20adefaccd91cfd4b8050d14afa532747bf
utc=2026-10-09T06:24:40Z
ROS_DOMAIN_ID=77
ROS_AUTOMATIC_DISCOVERY_RANGE=LOCALHOST
ROS_DISTRO=jazzy
RMW_IMPLEMENTATION=DEFAULT
PRETTY_NAME="Ubuntu 24.04.5 LTS"
NAME="Ubuntu"
VERSION_ID="24.04"
VERSION="24.04.5 LTS (Noble Numbat)"
VERSION_CODENAME=noble
ID=ubuntu
ID_LIKE=debian
HOME_URL="https://www.ubuntu.com/"
SUPPORT_URL="https://help.ubuntu.com/"
BUG_REPORT_URL="https://bugs.launchpad.net/ubuntu/"
PRIVACY_POLICY_URL="https://www.ubuntu.com/legal/terms-and-policies/privacy-policy"
UBUNTU_CODENAME=noble
LOGO=ubuntu-logo
Python 3.12.3
python3-numpy=1:1.26.4+ds-6ubuntu1
ros-jazzy-geometry-msgs=5.3.8-1noble.20260902.030745
ros-jazzy-rclpy=7.1.12-1noble.20260902.053513
ros-jazzy-rmw-fastrtps-cpp=8.4.4-1noble.20260902.041916
ros-jazzy-rosgraph-msgs=2.0.4-1noble.20260902.031408
ros-jazzy-sensor-msgs=5.3.8-1noble.20260902.041633
50769723c69dbebeee5d2349070b693c0ac2e9cc277c0cf4db8afcfe8c3db845  experiments/ros_observation_bridge_001/protocol.json
c4ab6c3bfe81399715ff63b4f5008d95cd31a9ae859547ed17141fd9ced1e56a  experiments/ros_observation_bridge_001/joint_map.json
17f133f845860fc297920c8bce22b26306ab72a6607c16d648d5c99bd5656286  experiments/ros_observation_bridge_001/replay_ros2.py
f2cda72b188f0c213ea87f2be04c158e99faa7dbe3cd1696c3ba8d7cfee7f3e0  experiments/ros_observation_bridge_001/probe_ros2.py
3812ff591c0fa61183a6c9e8cebf46518eba7d404b4b7fdfa505a7c50747029d  experiments/m2/trusted_handoff_qualification_001/artifacts/trusted_authorized/poses.npz
sourced_ROS_DISTRO=jazzy
container_PYTHONPATH=/__w/g1-jev-swarm-lab/g1-jev-swarm-lab/src
