{
  "status": "INDEPENDENT_SYNTHETIC_PROBES_PASS",
  "cases": {
    "rolling_then_missing": {
      "status": "HOLD_FAILED",
      "completion": "TECHNICAL_PARTIAL",
      "physical_failures": [
        {
          "criterion": "rolling_mean",
          "hold_step": 1,
          "value": 0.10180000000000088
        }
      ]
    },
    "path_then_missing": {
      "status": "HOLD_FAILED",
      "completion": "TECHNICAL_PARTIAL",
      "physical_failures": [
        {
          "criterion": "xy_path_length",
          "value": 0.21
        }
      ]
    },
    "fall_then_missing": {
      "status": "HOLD_FAILED",
      "completion": "TECHNICAL_PARTIAL",
      "physical_failures": [
        {
          "criterion": "standing_throughout",
          "hold_step": 1
        },
        {
          "criterion": "no_fall_throughout",
          "hold_step": 1
        }
      ]
    },
    "instant_only_incomplete": {
      "status": "TECHNICAL_PARTIAL",
      "completion": "TECHNICAL_PARTIAL",
      "physical_failures": []
    },
    "complete_valid": {
      "status": "HOLD_SUCCEEDED_BOUNDED_IN_THIS_STATE",
      "completion": "COMPLETE",
      "physical_failures": []
    }
  },
  "control_error_classification": "TECHNICAL_CONTROL_OR_ADAPTER_ERROR",
  "source_sha256": {
    "experiments/m2/unseen_halt_hold_p1_repair_001/audit.py": "cd7acbe5e31f3a1898a40ae07cce1d10970da6f0e8385cbaa0e9190c110861d6",
    "experiments/m2/unseen_halt_hold_p1_repair_001/acquire.py": "63675d981ef82d9ca4636b5e7ba135b8d7d27e64aac032cb1da9499cc90812ee",
    "experiments/m2/unseen_halt_hold_design_001/protocol.json": "1f0fd8aa4eeead99348dabccb747de0ebf5d45f854c4ff8840f6c81fb7e096f9"
  },
  "physics_steps": 0,
  "policy_inferences": 0,
  "is_scientific_sample": false
}
