{
  "status": "PASS_SCOPED_DIFF",
  "base": "4e2a51bf143cafea5eb90e89a88e1f04c156c9c8",
  "head": "4e2a51bf143cafea5eb90e89a88e1f04c156c9c8",
  "branch": "m2.6a/unseen-halt-hold-design",
  "scope": [
    "experiments/m2/unseen_halt_hold_design_001"
  ],
  "outside_tracked_changes": [],
  "diff_errors": "",
  "untracked_task_paths": [
    "experiments/m2/unseen_halt_hold_design_001/.gitattributes",
    "experiments/m2/unseen_halt_hold_design_001/check_design.py",
    "experiments/m2/unseen_halt_hold_design_001/design.md",
    "experiments/m2/unseen_halt_hold_design_001/evidence_basis.json",
    "experiments/m2/unseen_halt_hold_design_001/freeze_manifest.json",
    "experiments/m2/unseen_halt_hold_design_001/history_inventory.json",
    "experiments/m2/unseen_halt_hold_design_001/protocol.json",
    "experiments/m2/unseen_halt_hold_design_001/source_binding.json",
    "experiments/m2/unseen_halt_hold_design_001/test_design.py"
  ],
  "unrelated_untracked_count": 0,
  "unrelated_untracked_sample": [],
  "remote_status": "NOT_CONTACTED",
  "staged_or_committed": false,
  "ops_elapsed_seconds": 0.2477
}
