
=================================== ERRORS ====================================
__________ ERROR collecting tests/test_m24_acquisition_readiness.py ___________
..\g1-jev-swarm-lab\.venv\Lib\site-packages\_pytest\python.py:508: in importtestmodule
    mod = import_path(
..\g1-jev-swarm-lab\.venv\Lib\site-packages\_pytest\pathlib.py:596: in import_path
    importlib.import_module(module_name)
C:\Users\Administrator\AppData\Local\Programs\Python\Python311\Lib\importlib\__init__.py:126: in import_module
    return _bootstrap._gcd_import(name[level:], package, level)
           ^^^^^^^^^^^^^^^^^^^^^^^^^^^^^^^^^^^^^^^^^^^^^^^^^^^^
<frozen importlib._bootstrap>:1204: in _gcd_import
    ???
<frozen importlib._bootstrap>:1176: in _find_and_load
    ???
<frozen importlib._bootstrap>:1147: in _find_and_load_unlocked
    ???
<frozen importlib._bootstrap>:690: in _load_unlocked
    ???
..\g1-jev-swarm-lab\.venv\Lib\site-packages\_pytest\assertion\rewrite.py:188: in exec_module
    exec(co, module.__dict__)
tests\test_m24_acquisition_readiness.py:17: in <module>
    from experiments.m2.cross_state_reliability_001 import acquire as adapter
E     File "D:\work\g1-m24-acquisition-readiness\experiments\m2\cross_state_reliability_001\acquire.py", line 336
E       raise ValueError("INTEGRITY_EXCEPTION_CAPTURED_BY_EXECUTOR:" + runtime["integrity_failure"])
E       ^^^^^
E   IndentationError: expected an indented block after 'if' statement on line 335
=========================== short test summary info ===========================
ERROR tests/test_m24_acquisition_readiness.py
!!!!!!!!!!!!!!!!!!! Interrupted: 1 error during collection !!!!!!!!!!!!!!!!!!!!
1 error in 1.03s
