{"case": "six_worker_positive", "command": ["D:\\work\\g1-jev-swarm-lab\\.venv\\Scripts\\python.exe", "D:\\webcodex\\mujoco-g1\\owner-authorization-binding\\experiments\\m2\\owner_authorization_binding_001\\acquire.py", "offline-supervisor", "--execution-head", "9cf9b5d06f7e11a3134212cebd679f4e2e83c030", "--readiness-sha256", "5cc7033a51187770e59efd5692a354cdd99fff84ba3e8b83de70465ba45c1207", "--output", "D:\\webcodex\\mujoco-g1\\owner-binding-flow-002\\output", "--ledger", "D:\\webcodex\\mujoco-g1\\owner-binding-flow-002\\ledger", "--test-record", "D:\\webcodex\\mujoco-g1\\owner-binding-flow-002\\explicit_test_record.json"], "returncode": 1, "stdout": "", "stderr": "Traceback (most recent call last):\n  File \"D:\\webcodex\\mujoco-g1\\owner-authorization-binding\\experiments\\m2\\owner_authorization_binding_001\\acquire.py\", line 161, in <module>\n    main()\n  File \"D:\\webcodex\\mujoco-g1\\owner-authorization-binding\\experiments\\m2\\owner_authorization_binding_001\\acquire.py\", line 153, in main\n    result=offline_supervisor(gate,auth,args,expected)\n           ^^^^^^^^^^^^^^^^^^^^^^^^^^^^^^^^^^^^^^^^^^^\n  File \"D:\\webcodex\\mujoco-g1\\owner-authorization-binding\\experiments\\m2\\owner_authorization_binding_001\\acquire.py\", line 83, in offline_supervisor\n    p1.supervise(command,run_dir,min(expected['budget']['max_wall_s_per_cell'],remaining))\n  File \"D:\\webcodex\\mujoco-g1\\owner-authorization-binding\\experiments\\m2\\unseen_halt_hold_p1_repair_001\\acquire.py\", line 878, in supervise\n    raise IntegrityFailure(\"CELL_WORKER_EXIT:\" + str(code))\nowner_frozen_p1_supervisor.IntegrityFailure: CELL_WORKER_EXIT:1\n"}
Traceback (most recent call last):
  File "D:\webcodex\mujoco-g1\owner-authorization-binding\experiments\m2\owner_authorization_binding_001\check_flow.py", line 92, in <module>
    check(a.execution_head,a.readiness_sha256,a.work.absolute())
  File "D:\webcodex\mujoco-g1\owner-authorization-binding\experiments\m2\owner_authorization_binding_001\check_flow.py", line 52, in check
    run('six_worker_positive',base+['offline-supervisor',*common,'--test-record',str(path)])
  File "D:\webcodex\mujoco-g1\owner-authorization-binding\experiments\m2\owner_authorization_binding_001\check_flow.py", line 51, in run
    assert child.returncode==0,child.stderr
           ^^^^^^^^^^^^^^^^^^^
AssertionError: Traceback (most recent call last):
  File "D:\webcodex\mujoco-g1\owner-authorization-binding\experiments\m2\owner_authorization_binding_001\acquire.py", line 161, in <module>
    main()
  File "D:\webcodex\mujoco-g1\owner-authorization-binding\experiments\m2\owner_authorization_binding_001\acquire.py", line 153, in main
    result=offline_supervisor(gate,auth,args,expected)
           ^^^^^^^^^^^^^^^^^^^^^^^^^^^^^^^^^^^^^^^^^^^
  File "D:\webcodex\mujoco-g1\owner-authorization-binding\experiments\m2\owner_authorization_binding_001\acquire.py", line 83, in offline_supervisor
    p1.supervise(command,run_dir,min(expected['budget']['max_wall_s_per_cell'],remaining))
  File "D:\webcodex\mujoco-g1\owner-authorization-binding\experiments\m2\unseen_halt_hold_p1_repair_001\acquire.py", line 878, in supervise
    raise IntegrityFailure("CELL_WORKER_EXIT:" + str(code))
owner_frozen_p1_supervisor.IntegrityFailure: CELL_WORKER_EXIT:1

