........................................................................ [ 44%]
.............................................................F.......... [ 89%]
....F............                                                        [100%]
================================== FAILURES ===================================
_____________________ test_target_environment_no_imports ______________________

    def test_target_environment_no_imports():
        child = child_gate(require_manifest=False)
>       assert child["ok"]
E       assert False

experiments\m2\unseen_halt_hold_p1_repair_001\test_readiness.py:65: AssertionError
_____________________ test_wrong_execution_head_rejected ______________________

    def test_wrong_execution_head_rejected():
        child = child_gate(require_manifest=False, execution_head="0" * 40)
>       assert not child["ok"] and "execution HEAD" in child["error"]
E       AssertionError: assert (not False and 'execution HEAD' in 'Target dependency/origin receipt drift')

experiments\m2\unseen_halt_hold_p1_repair_001\test_readiness.py:153: AssertionError
=========================== short test summary info ===========================
FAILED experiments/m2/unseen_halt_hold_p1_repair_001/test_readiness.py::test_target_environment_no_imports
FAILED experiments/m2/unseen_halt_hold_p1_repair_001/test_readiness.py::test_wrong_execution_head_rejected
2 failed, 159 passed in 20.74s
{"head": "3082e2b92b5b18171e06295d1c2d09af39f430ac", "exit": 1, "total": 161, "failed": [{"classname": "experiments.m2.unseen_halt_hold_p1_repair_001.test_readiness", "name": "test_target_environment_no_imports", "time": "0.395"}, {"classname": "experiments.m2.unseen_halt_hold_p1_repair_001.test_readiness", "name": "test_wrong_execution_head_rejected", "time": "0.379"}], "passed": 159, "forbidden_import_attempts": [], "checked_files": 142, "changed_files": [], "git_status": "", "interpreter": "D:\\work\\g1-jev-swarm-lab\\.venv\\Scripts\\python.exe", "scored_physical_data": false, "physics_steps": 0, "policy_inferences": 0}
