{
  "status": "PASS_INDEPENDENT_REAL_HANDOFF_AUDIT",
  "checks": 64,
  "failed_checks": [],
  "arms": {
    "trusted_authorized": {
      "parent_halt_last_1s_mean_speed_mps": 0.09996958151718832,
      "parent_halt_endpoint_speed_mps": 0.05603522601217542,
      "parent_halt_displacement_m": 0.18536481685230702,
      "physics_steps": 13128,
      "negative_requests": [
        {
          "request": "same_grant_replay_after_completion",
          "reason": "UNTRUSTED_REPLAYED_OR_REVOKED_HANDOFF",
          "physics_steps_delta": 0,
          "node_calls_delta": 0,
          "executor_calls_delta": 0,
          "raw_state_equal": true
        }
      ],
      "new_task_nodes_completed": 3,
      "new_physics_steps": 5989,
      "strict_walk_rederived": {
        "distance_error_m": 0.0007377658803120468,
        "lateral_drift_m": -0.02091030340523503,
        "heading_error_deg": 0.06828499662149579,
        "simulation_time_s": 8.649999999996734
      },
      "final_stop_speed_mps": 0.00640728173251324,
      "final_stop_last_500_mean_speed_mps": 0.06764571937120198
    },
    "halt_only_invalid": {
      "parent_halt_last_1s_mean_speed_mps": 0.09996958151718832,
      "parent_halt_endpoint_speed_mps": 0.05603522601217542,
      "parent_halt_displacement_m": 0.18536481685230702,
      "physics_steps": 7139,
      "negative_requests": [
        {
          "request": "missing_grant",
          "reason": "UNTRUSTED_HANDOFF",
          "physics_steps_delta": 0,
          "node_calls_delta": 0,
          "executor_calls_delta": 0,
          "raw_state_equal": true
        },
        {
          "request": "copied_registered_grant",
          "reason": "UNTRUSTED_REPLAYED_OR_REVOKED_HANDOFF",
          "physics_steps_delta": 0,
          "node_calls_delta": 0,
          "executor_calls_delta": 0,
          "raw_state_equal": true
        },
        {
          "request": "changed_plan_distance_4_to_6",
          "reason": "PLAN_CHANGED",
          "physics_steps_delta": 0,
          "node_calls_delta": 0,
          "executor_calls_delta": 0,
          "raw_state_equal": true
        },
        {
          "request": "replay_burned_plan_mismatch_grant",
          "reason": "UNTRUSTED_REPLAYED_OR_REVOKED_HANDOFF",
          "physics_steps_delta": 0,
          "node_calls_delta": 0,
          "executor_calls_delta": 0,
          "raw_state_equal": true
        },
        {
          "request": "registered_display_only_principal_without_continuation_permission",
          "reason": "PRINCIPAL_CONTINUATION_PERMISSION_MISSING",
          "physics_steps_delta": 0,
          "node_calls_delta": 0,
          "executor_calls_delta": 0,
          "raw_state_equal": true
        }
      ]
    }
  }
}
